../lcd16x2/lcd16x2.c:84:13:lcd16x2_enablePulse	8	static
../lcd16x2/lcd16x2.c:95:13:lcd16x2_rs	16	static
../lcd16x2/lcd16x2.c:103:13:lcd16x2_write	32	static
../lcd16x2/lcd16x2.c:140:13:lcd16x2_writeCommand	16	static
../lcd16x2/lcd16x2.c:149:13:lcd16x2_writeData	16	static
../lcd16x2/lcd16x2.c:158:13:lcd16x2_write4	16	static
../lcd16x2/lcd16x2.c:179:6:lcd16x2_init_8bits	32	static
../lcd16x2/lcd16x2.c:226:6:lcd16x2_init_4bits	32	static
../lcd16x2/lcd16x2.c:269:6:lcd16x2_setCursor	24	static
../lcd16x2/lcd16x2.c:287:6:lcd16x2_1stLine	8	static
../lcd16x2/lcd16x2.c:294:6:lcd16x2_2ndLine	8	static
../lcd16x2/lcd16x2.c:302:6:lcd16x2_twoLines	8	static
../lcd16x2/lcd16x2.c:307:6:lcd16x2_oneLine	8	static
../lcd16x2/lcd16x2.c:316:6:lcd16x2_cursorShow	16	static
../lcd16x2/lcd16x2.c:333:6:lcd16x2_clear	8	static
../lcd16x2/lcd16x2.c:342:6:lcd16x2_display	16	static
../lcd16x2/lcd16x2.c:359:6:lcd16x2_shiftRight	24	static
../lcd16x2/lcd16x2.c:370:6:lcd16x2_shiftLeft	24	static
../lcd16x2/lcd16x2.c:381:6:lcd16x2_printf	48	static
../lcd16x2/lcd16x2.c:396:13:reverse	32	static
../lcd16x2/lcd16x2.c:408:13:reverseF	32	static
../lcd16x2/lcd16x2.c:420:12:intToStr	32	static
../lcd16x2/lcd16x2.c:442:6:lcd16x2_itoa	24	static
../lcd16x2/lcd16x2.c:457:6:lcd16x2_ftoa	48	static
